---
- weird_indent: "some stuff" # yamllint disable-line rule:colons rule:comments rule:line-length
  fine: "val"
